Partial/Required:  3.57, Required:    400.0, Partial:  1426.81, Net: net14, Pin: _23469_/A1, Layer: met3
Partial/Required:  2.93, Required:    400.0, Partial:  1171.81, Net: _10655_, Pin: _15108_/B, Layer: met3
Partial/Required:  2.43, Required:    400.0, Partial:   970.97, Net: _10130_, Pin: _26196_/A, Layer: met3
Partial/Required:  1.76, Required:    400.0, Partial:   705.56, Net: _10777_, Pin: _21936_/A1, Layer: met1
Partial/Required:  1.70, Required:    400.0, Partial:    679.1, Net: net123, Pin: output123/A, Layer: met1
Partial/Required:  1.68, Required:    400.0, Partial:   671.89, Net: _10772_, Pin: _21918_/A1, Layer: met1
Partial/Required:  1.68, Required:    400.0, Partial:   671.78, Net: execute.io_target_pc\[12\], Pin: _14652_/B, Layer: met1
Partial/Required:  1.63, Required:    400.0, Partial:   653.56, Net: _10812_, Pin: _21875_/A1, Layer: met1
Partial/Required:  1.61, Required:    400.0, Partial:   643.67, Net: csr.io_mem_pc\[21\], Pin: _23716_/A1, Layer: met1
Partial/Required:  1.55, Required:    400.0, Partial:   619.18, Net: _11318_, Pin: _16315_/A1, Layer: met3
Partial/Required:  1.52, Required:    400.0, Partial:   607.53, Net: decode.id_ex_rs1_data_reg\[1\], Pin: _20669_/A0, Layer: met3
Partial/Required:  1.52, Required:    400.0, Partial:   607.53, Net: decode.id_ex_rs1_data_reg\[1\], Pin: _19075_/A1, Layer: met3
Partial/Required:  1.47, Required:    400.0, Partial:   586.78, Net: _10773_, Pin: _21921_/A1, Layer: met1
Partial/Required:  1.46, Required:    400.0, Partial:   585.44, Net: net67, Pin: output67/A, Layer: met1
Partial/Required:  1.45, Required:    400.0, Partial:    579.3, Net: decode.id_ex_rs2_data_reg\[11\], Pin: _18852_/A1, Layer: met3
Partial/Required:  1.42, Required:    400.0, Partial:   566.64, Net: _10657_, Pin: _15240_/A, Layer: met2
Partial/Required:  1.42, Required:    400.0, Partial:   566.64, Net: _10657_, Pin: _15238_/A, Layer: met2
Partial/Required:  1.40, Required:    400.0, Partial:   561.87, Net: net5, Pin: _23450_/A1, Layer: met1
Partial/Required:  1.37, Required:    400.0, Partial:   547.56, Net: _10868_, Pin: _23706_/A1, Layer: met1
Partial/Required:  1.31, Required:   2784.8, Partial:  3653.33, Net: _01441_, Pin: _28428_/D, Layer: met5
Partial/Required:  1.29, Required:    400.0, Partial:   517.56, Net: _07110_, Pin: _23262_/A, Layer: met1
Partial/Required:  1.28, Required:    400.0, Partial:   510.87, Net: net80, Pin: output80/A, Layer: met2
Partial/Required:  1.27, Required:    400.0, Partial:   508.73, Net: net133, Pin: output133/A, Layer: met1
Partial/Required:  1.22, Required:    400.0, Partial:   488.15, Net: _05033_, Pin: _19764_/B1, Layer: met3
Partial/Required:  1.15, Required:    400.0, Partial:   460.32, Net: _05678_, Pin: _20531_/B, Layer: met3
Partial/Required:  1.13, Required:    400.0, Partial:   452.07, Net: execute.csr_read_data_out_reg\[10\], Pin: _21041_/A, Layer: met3
Partial/Required:  1.13, Required:    400.0, Partial:   452.07, Net: execute.csr_read_data_out_reg\[10\], Pin: _18858_/A2, Layer: met3
Partial/Required:  1.10, Required:    400.0, Partial:   439.14, Net: _00715_, Pin: _20743_/B2, Layer: met2
Partial/Required:  1.10, Required:    400.0, Partial:   439.14, Net: _00715_, Pin: _27686_/D, Layer: met2
Partial/Required:  1.09, Required:    400.0, Partial:   436.19, Net: _12540_, Pin: _16609_/D, Layer: met3
Partial/Required:  1.09, Required:    400.0, Partial:   434.79, Net: net134, Pin: output134/A, Layer: met1
Partial/Required:  1.09, Required:    400.0, Partial:   434.67, Net: decode.regfile.registers_9\[24\], Pin: _17758_/A, Layer: met1
Partial/Required:  1.08, Required:    400.0, Partial:   430.75, Net: net89, Pin: output89/A, Layer: met2
Partial/Required:  1.08, Required:    400.0, Partial:   430.61, Net: _03017_, Pin: _17611_/B2, Layer: met3
Partial/Required:  1.08, Required:    400.0, Partial:   430.33, Net: _05439_, Pin: _20389_/A_N, Layer: met1
Partial/Required:  1.07, Required:    400.0, Partial:   428.51, Net: _04238_, Pin: _19934_/B, Layer: met3
Partial/Required:  1.07, Required:    400.0, Partial:   428.51, Net: _04238_, Pin: _18940_/B1, Layer: met3
Partial/Required:  1.05, Required:    400.0, Partial:    422.0, Net: execute.csr_read_data_out_reg\[27\], Pin: _21078_/A, Layer: met1
Partial/Required:  1.05, Required:    400.0, Partial:   419.89, Net: decode.id_ex_rs2_data_reg\[10\], Pin: _18288_/A, Layer: met1
Partial/Required:  1.05, Required:    400.0, Partial:   419.39, Net: _07071_, Pin: _23227_/B_N, Layer: met1
Partial/Required:  1.04, Required:   2784.8, Partial:  2882.29, Net: _01438_, Pin: _28425_/D, Layer: met5
Partial/Required:  1.02, Required:    400.0, Partial:   408.78, Net: _05868_, Pin: _21203_/B, Layer: met1
Partial/Required:  1.02, Required:   2778.2, Partial:  2833.65, Net: decode.id_ex_rs2_data_reg\[20\], Pin: _18309_/A, Layer: met3
