
===========================================================================
report_checks -unconstrained
===========================================================================
======================= Fastest Corner ===================================

Startpoint: io_meip (input port clocked by clock)
Endpoint: io_memory_write (output port clocked by clock)
Path Group: clock
Path Type: max
Corner: Fastest

Fanout     Cap    Slew   Delay    Time   Description
-----------------------------------------------------------------------------
                  0.15    0.00    0.00   clock clock (rise edge)
                          0.00    0.00   clock network delay (ideal)
                          1.60    1.60 v input external delay
     1    0.00    0.01    0.00    1.60 v io_meip (in)
                                         io_meip (net)
                  0.01    0.00    1.60 v input33/A (sky130_fd_sc_hd__clkbuf_2)
     2    0.04    0.11    0.13    1.73 v input33/X (sky130_fd_sc_hd__clkbuf_2)
                                         net33 (net)
                  0.11    0.00    1.74 v _13556_/C (sky130_fd_sc_hd__and3_1)
     2    0.00    0.03    0.16    1.89 v _13556_/X (sky130_fd_sc_hd__and3_1)
                                         _09923_ (net)
                  0.03    0.00    1.89 v _13557_/B1 (sky130_fd_sc_hd__a31o_1)
     2    0.01    0.04    0.09    1.98 v _13557_/X (sky130_fd_sc_hd__a31o_1)
                                         _09924_ (net)
                  0.04    0.00    1.98 v _13558_/C1 (sky130_fd_sc_hd__a311o_1)
     2    0.01    0.08    0.15    2.13 v _13558_/X (sky130_fd_sc_hd__a311o_1)
                                         _09925_ (net)
                  0.08    0.00    2.13 v _13559_/C1 (sky130_fd_sc_hd__a211oi_2)
     2    0.02    0.26    0.18    2.32 ^ _13559_/Y (sky130_fd_sc_hd__a211oi_2)
                                         _09926_ (net)
                  0.26    0.00    2.32 ^ _13560_/A_N (sky130_fd_sc_hd__and2b_1)
     1    0.00    0.03    0.13    2.45 v _13560_/X (sky130_fd_sc_hd__and2b_1)
                                         _09927_ (net)
                  0.03    0.00    2.45 v _13561_/A (sky130_fd_sc_hd__clkbuf_2)
     1    0.04    0.10    0.14    2.59 v _13561_/X (sky130_fd_sc_hd__clkbuf_2)
                                         net135 (net)
                  0.10    0.00    2.59 v output135/A (sky130_fd_sc_hd__clkbuf_4)
     1    0.03    0.06    0.16    2.75 v output135/X (sky130_fd_sc_hd__clkbuf_4)
                                         io_memory_write (net)
                  0.06    0.00    2.75 v io_memory_write (out)
                                  2.75   data arrival time

                  0.15    8.00    8.00   clock clock (rise edge)
                          0.00    8.00   clock network delay (ideal)
                         -0.25    7.75   clock uncertainty
                          0.00    7.75   clock reconvergence pessimism
                         -1.60    6.15   output external delay
                                  6.15   data required time
-----------------------------------------------------------------------------
                                  6.15   data required time
                                 -2.75   data arrival time
-----------------------------------------------------------------------------
                                  3.40   slack (MET)



======================= Slowest Corner ===================================

Startpoint: _28430_ (rising edge-triggered flip-flop clocked by clock)
Endpoint: _27379_ (rising edge-triggered flip-flop clocked by clock)
Path Group: clock
Path Type: max
Corner: Slowest

Fanout     Cap    Slew   Delay    Time   Description
-----------------------------------------------------------------------------
                  0.15    0.00    0.00   clock clock (rise edge)
                          0.00    0.00   clock network delay (ideal)
                  0.15    0.00    0.00 ^ _28430_/CLK (sky130_fd_sc_hd__dfxtp_4)
     9    0.06    0.29    0.95    0.95 ^ _28430_/Q (sky130_fd_sc_hd__dfxtp_4)
                                         decode.immGen._imm_T_24[11] (net)
                  0.29    0.01    0.96 ^ _15118_/B_N (sky130_fd_sc_hd__nor2b_4)
     7    0.03    0.33    0.53    1.49 ^ _15118_/Y (sky130_fd_sc_hd__nor2b_4)
                                         _11115_ (net)
                  0.33    0.00    1.50 ^ _15119_/A (sky130_fd_sc_hd__clkbuf_4)
    10    0.06    0.30    0.56    2.06 ^ _15119_/X (sky130_fd_sc_hd__clkbuf_4)
                                         _11116_ (net)
                  0.30    0.00    2.06 ^ _15120_/A (sky130_fd_sc_hd__buf_4)
    10    0.12    0.52    0.66    2.72 ^ _15120_/X (sky130_fd_sc_hd__buf_4)
                                         _11117_ (net)
                  0.52    0.01    2.73 ^ _16083_/B (sky130_fd_sc_hd__and4b_1)
     1    0.00    0.11    0.55    3.28 ^ _16083_/X (sky130_fd_sc_hd__and4b_1)
                                         _12060_ (net)
                  0.11    0.00    3.28 ^ _16084_/A2 (sky130_fd_sc_hd__o21ai_1)
     1    0.01    0.16    0.17    3.46 v _16084_/Y (sky130_fd_sc_hd__o21ai_1)
                                         _12061_ (net)
                  0.16    0.00    3.46 v _16085_/C1 (sky130_fd_sc_hd__o311a_1)
     1    0.01    0.15    0.31    3.76 v _16085_/X (sky130_fd_sc_hd__o311a_1)
                                         _12062_ (net)
                  0.15    0.00    3.76 v _16086_/B2 (sky130_fd_sc_hd__o22ai_2)
     1    0.02    0.39    0.36    4.12 ^ _16086_/Y (sky130_fd_sc_hd__o22ai_2)
                                         _12063_ (net)
                  0.39    0.00    4.12 ^ _16087_/B1 (sky130_fd_sc_hd__o21ai_1)
     1    0.00    0.13    0.25    4.37 v _16087_/Y (sky130_fd_sc_hd__o21ai_1)
                                         _12064_ (net)
                  0.13    0.00    4.37 v _16090_/B1 (sky130_fd_sc_hd__a22oi_1)
     1    0.01    0.37    0.37    4.74 ^ _16090_/Y (sky130_fd_sc_hd__a22oi_1)
                                         _12067_ (net)
                  0.37    0.00    4.74 ^ _16092_/A2 (sky130_fd_sc_hd__o21ai_1)
     1    0.01    0.28    0.37    5.11 v _16092_/Y (sky130_fd_sc_hd__o21ai_1)
                                         _12069_ (net)
                  0.28    0.00    5.11 v _16094_/A (sky130_fd_sc_hd__nand2_1)
     1    0.01    0.20    0.29    5.41 ^ _16094_/Y (sky130_fd_sc_hd__nand2_1)
                                         _12071_ (net)
                  0.20    0.00    5.41 ^ _16095_/B2 (sky130_fd_sc_hd__a2bb2o_2)
     1    0.03    0.25    0.52    5.93 ^ _16095_/X (sky130_fd_sc_hd__a2bb2o_2)
                                         _12072_ (net)
                  0.25    0.00    5.93 ^ _16096_/B (sky130_fd_sc_hd__nand2_1)
     1    0.01    0.20    0.27    6.21 v _16096_/Y (sky130_fd_sc_hd__nand2_1)
                                         _12073_ (net)
                  0.20    0.00    6.21 v _16099_/B1 (sky130_fd_sc_hd__a22o_1)
     2    0.03    0.27    0.60    6.80 v _16099_/X (sky130_fd_sc_hd__a22o_1)
                                         _12076_ (net)
                  0.27    0.00    6.81 v _16101_/B1 (sky130_fd_sc_hd__a22o_1)
     1    0.01    0.12    0.48    7.29 v _16101_/X (sky130_fd_sc_hd__a22o_1)
                                         _12078_ (net)
                  0.12    0.00    7.29 v _16102_/A0 (sky130_fd_sc_hd__mux2_1)
     1    0.01    0.21    0.82    8.11 v _16102_/X (sky130_fd_sc_hd__mux2_1)
                                         _12079_ (net)
                  0.21    0.00    8.11 v _16103_/A0 (sky130_fd_sc_hd__mux2_1)
     1    0.01    0.15    0.77    8.89 v _16103_/X (sky130_fd_sc_hd__mux2_1)
                                         _12080_ (net)
                  0.15    0.00    8.89 v _16104_/B1 (sky130_fd_sc_hd__a41o_1)
     1    0.01    0.15    0.49    9.38 v _16104_/X (sky130_fd_sc_hd__a41o_1)
                                         _12081_ (net)
                  0.15    0.00    9.38 v _16106_/B1 (sky130_fd_sc_hd__a221o_1)
     1    0.02    0.22    0.76   10.14 v _16106_/X (sky130_fd_sc_hd__a221o_1)
                                         _12083_ (net)
                  0.22    0.00   10.14 v _16108_/B1 (sky130_fd_sc_hd__a221oi_2)
     1    0.02    0.71    0.80   10.94 ^ _16108_/Y (sky130_fd_sc_hd__a221oi_2)
                                         _12085_ (net)
                  0.71    0.00   10.94 ^ _16110_/A2 (sky130_fd_sc_hd__o21ai_2)
     1    0.02    0.21    0.40   11.34 v _16110_/Y (sky130_fd_sc_hd__o21ai_2)
                                         _12087_ (net)
                  0.21    0.00   11.34 v _16113_/A2 (sky130_fd_sc_hd__a31o_1)
     1    0.02    0.24    0.62   11.96 v _16113_/X (sky130_fd_sc_hd__a31o_1)
                                         _12090_ (net)
                  0.24    0.00   11.96 v _16116_/A2 (sky130_fd_sc_hd__a31o_1)
     1    0.01    0.15    0.56   12.52 v _16116_/X (sky130_fd_sc_hd__a31o_1)
                                         _12093_ (net)
                  0.15    0.00   12.52 v _16117_/C1 (sky130_fd_sc_hd__o221a_1)
     1    0.01    0.16    0.34   12.86 v _16117_/X (sky130_fd_sc_hd__o221a_1)
                                         _12094_ (net)
                  0.16    0.00   12.86 v _16118_/B2 (sky130_fd_sc_hd__o221a_1)
     1    0.02    0.20    0.59   13.45 v _16118_/X (sky130_fd_sc_hd__o221a_1)
                                         _00408_ (net)
                  0.20    0.00   13.46 v _27379_/D (sky130_fd_sc_hd__dfxtp_2)
                                 13.46   data arrival time

                  0.15    8.00    8.00   clock clock (rise edge)
                          0.00    8.00   clock network delay (ideal)
                         -0.25    7.75   clock uncertainty
                          0.00    7.75   clock reconvergence pessimism
                                  7.75 ^ _27379_/CLK (sky130_fd_sc_hd__dfxtp_2)
                         -0.31    7.44   library setup time
                                  7.44   data required time
-----------------------------------------------------------------------------
                                  7.44   data required time
                                -13.46   data arrival time
-----------------------------------------------------------------------------
                                 -6.01   slack (VIOLATED)



======================= Typical Corner ===================================

Startpoint: _28430_ (rising edge-triggered flip-flop clocked by clock)
Endpoint: _27379_ (rising edge-triggered flip-flop clocked by clock)
Path Group: clock
Path Type: max
Corner: Typical

Fanout     Cap    Slew   Delay    Time   Description
-----------------------------------------------------------------------------
                  0.15    0.00    0.00   clock clock (rise edge)
                          0.00    0.00   clock network delay (ideal)
                  0.15    0.00    0.00 ^ _28430_/CLK (sky130_fd_sc_hd__dfxtp_4)
     9    0.06    0.18    0.50    0.50 ^ _28430_/Q (sky130_fd_sc_hd__dfxtp_4)
                                         decode.immGen._imm_T_24[11] (net)
                  0.18    0.01    0.51 ^ _15118_/B_N (sky130_fd_sc_hd__nor2b_4)
     7    0.03    0.20    0.29    0.80 ^ _15118_/Y (sky130_fd_sc_hd__nor2b_4)
                                         _11115_ (net)
                  0.20    0.00    0.80 ^ _15119_/A (sky130_fd_sc_hd__clkbuf_4)
    10    0.06    0.19    0.31    1.11 ^ _15119_/X (sky130_fd_sc_hd__clkbuf_4)
                                         _11116_ (net)
                  0.19    0.00    1.12 ^ _15120_/A (sky130_fd_sc_hd__buf_4)
    10    0.12    0.33    0.37    1.49 ^ _15120_/X (sky130_fd_sc_hd__buf_4)
                                         _11117_ (net)
                  0.33    0.01    1.50 ^ _16083_/B (sky130_fd_sc_hd__and4b_1)
     1    0.00    0.06    0.26    1.75 ^ _16083_/X (sky130_fd_sc_hd__and4b_1)
                                         _12060_ (net)
                  0.06    0.00    1.76 ^ _16084_/A2 (sky130_fd_sc_hd__o21ai_1)
     1    0.01    0.09    0.08    1.83 v _16084_/Y (sky130_fd_sc_hd__o21ai_1)
                                         _12061_ (net)
                  0.09    0.00    1.83 v _16085_/C1 (sky130_fd_sc_hd__o311a_1)
     1    0.01    0.08    0.16    1.99 v _16085_/X (sky130_fd_sc_hd__o311a_1)
                                         _12062_ (net)
                  0.08    0.00    1.99 v _16086_/B2 (sky130_fd_sc_hd__o22ai_2)
     1    0.02    0.24    0.21    2.20 ^ _16086_/Y (sky130_fd_sc_hd__o22ai_2)
                                         _12063_ (net)
                  0.24    0.00    2.20 ^ _16087_/B1 (sky130_fd_sc_hd__o21ai_1)
     1    0.00    0.07    0.11    2.31 v _16087_/Y (sky130_fd_sc_hd__o21ai_1)
                                         _12064_ (net)
                  0.07    0.00    2.31 v _16090_/B1 (sky130_fd_sc_hd__a22oi_1)
     1    0.01    0.23    0.22    2.53 ^ _16090_/Y (sky130_fd_sc_hd__a22oi_1)
                                         _12067_ (net)
                  0.23    0.00    2.53 ^ _16092_/A2 (sky130_fd_sc_hd__o21ai_1)
     1    0.01    0.13    0.17    2.70 v _16092_/Y (sky130_fd_sc_hd__o21ai_1)
                                         _12069_ (net)
                  0.13    0.00    2.70 v _16094_/A (sky130_fd_sc_hd__nand2_1)
     1    0.01    0.12    0.16    2.86 ^ _16094_/Y (sky130_fd_sc_hd__nand2_1)
                                         _12071_ (net)
                  0.12    0.00    2.86 ^ _16095_/B2 (sky130_fd_sc_hd__a2bb2o_2)
     1    0.03    0.15    0.27    3.14 ^ _16095_/X (sky130_fd_sc_hd__a2bb2o_2)
                                         _12072_ (net)
                  0.15    0.00    3.14 ^ _16096_/B (sky130_fd_sc_hd__nand2_1)
     1    0.01    0.10    0.12    3.26 v _16096_/Y (sky130_fd_sc_hd__nand2_1)
                                         _12073_ (net)
                  0.10    0.00    3.27 v _16099_/B1 (sky130_fd_sc_hd__a22o_1)
     2    0.03    0.14    0.31    3.58 v _16099_/X (sky130_fd_sc_hd__a22o_1)
                                         _12076_ (net)
                  0.14    0.00    3.58 v _16101_/B1 (sky130_fd_sc_hd__a22o_1)
     1    0.01    0.07    0.26    3.84 v _16101_/X (sky130_fd_sc_hd__a22o_1)
                                         _12078_ (net)
                  0.07    0.00    3.84 v _16102_/A0 (sky130_fd_sc_hd__mux2_1)
     1    0.01    0.11    0.37    4.21 v _16102_/X (sky130_fd_sc_hd__mux2_1)
                                         _12079_ (net)
                  0.11    0.00    4.21 v _16103_/A0 (sky130_fd_sc_hd__mux2_1)
     1    0.01    0.07    0.34    4.55 v _16103_/X (sky130_fd_sc_hd__mux2_1)
                                         _12080_ (net)
                  0.07    0.00    4.55 v _16104_/B1 (sky130_fd_sc_hd__a41o_1)
     1    0.01    0.08    0.27    4.82 v _16104_/X (sky130_fd_sc_hd__a41o_1)
                                         _12081_ (net)
                  0.08    0.00    4.82 v _16106_/B1 (sky130_fd_sc_hd__a221o_1)
     1    0.02    0.12    0.40    5.22 v _16106_/X (sky130_fd_sc_hd__a221o_1)
                                         _12083_ (net)
                  0.12    0.00    5.22 v _16108_/B1 (sky130_fd_sc_hd__a221oi_2)
     1    0.02    0.45    0.47    5.69 ^ _16108_/Y (sky130_fd_sc_hd__a221oi_2)
                                         _12085_ (net)
                  0.45    0.00    5.70 ^ _16110_/A2 (sky130_fd_sc_hd__o21ai_2)
     1    0.02    0.12    0.16    5.86 v _16110_/Y (sky130_fd_sc_hd__o21ai_2)
                                         _12087_ (net)
                  0.12    0.00    5.86 v _16113_/A2 (sky130_fd_sc_hd__a31o_1)
     1    0.02    0.13    0.34    6.20 v _16113_/X (sky130_fd_sc_hd__a31o_1)
                                         _12090_ (net)
                  0.13    0.00    6.20 v _16116_/A2 (sky130_fd_sc_hd__a31o_1)
     1    0.01    0.08    0.30    6.50 v _16116_/X (sky130_fd_sc_hd__a31o_1)
                                         _12093_ (net)
                  0.08    0.00    6.50 v _16117_/C1 (sky130_fd_sc_hd__o221a_1)
     1    0.01    0.08    0.17    6.67 v _16117_/X (sky130_fd_sc_hd__o221a_1)
                                         _12094_ (net)
                  0.08    0.00    6.67 v _16118_/B2 (sky130_fd_sc_hd__o221a_1)
     1    0.02    0.11    0.30    6.97 v _16118_/X (sky130_fd_sc_hd__o221a_1)
                                         _00408_ (net)
                  0.11    0.00    6.97 v _27379_/D (sky130_fd_sc_hd__dfxtp_2)
                                  6.97   data arrival time

                  0.15    8.00    8.00   clock clock (rise edge)
                          0.00    8.00   clock network delay (ideal)
                         -0.25    7.75   clock uncertainty
                          0.00    7.75   clock reconvergence pessimism
                                  7.75 ^ _27379_/CLK (sky130_fd_sc_hd__dfxtp_2)
                         -0.12    7.63   library setup time
                                  7.63   data required time
-----------------------------------------------------------------------------
                                  7.63   data required time
                                 -6.97   data arrival time
-----------------------------------------------------------------------------
                                  0.66   slack (MET)




===========================================================================
report_checks --slack_max -0.01
============================================================================
======================= Fastest Corner ===================================

No paths found.

======================= Slowest Corner ===================================

Startpoint: _28430_ (rising edge-triggered flip-flop clocked by clock)
Endpoint: _27379_ (rising edge-triggered flip-flop clocked by clock)
Path Group: clock
Path Type: max
Corner: Slowest

Fanout     Cap    Slew   Delay    Time   Description
-----------------------------------------------------------------------------
                  0.15    0.00    0.00   clock clock (rise edge)
                          0.00    0.00   clock network delay (ideal)
                  0.15    0.00    0.00 ^ _28430_/CLK (sky130_fd_sc_hd__dfxtp_4)
     9    0.06    0.29    0.95    0.95 ^ _28430_/Q (sky130_fd_sc_hd__dfxtp_4)
                                         decode.immGen._imm_T_24[11] (net)
                  0.29    0.01    0.96 ^ _15118_/B_N (sky130_fd_sc_hd__nor2b_4)
     7    0.03    0.33    0.53    1.49 ^ _15118_/Y (sky130_fd_sc_hd__nor2b_4)
                                         _11115_ (net)
                  0.33    0.00    1.50 ^ _15119_/A (sky130_fd_sc_hd__clkbuf_4)
    10    0.06    0.30    0.56    2.06 ^ _15119_/X (sky130_fd_sc_hd__clkbuf_4)
                                         _11116_ (net)
                  0.30    0.00    2.06 ^ _15120_/A (sky130_fd_sc_hd__buf_4)
    10    0.12    0.52    0.66    2.72 ^ _15120_/X (sky130_fd_sc_hd__buf_4)
                                         _11117_ (net)
                  0.52    0.01    2.73 ^ _16083_/B (sky130_fd_sc_hd__and4b_1)
     1    0.00    0.11    0.55    3.28 ^ _16083_/X (sky130_fd_sc_hd__and4b_1)
                                         _12060_ (net)
                  0.11    0.00    3.28 ^ _16084_/A2 (sky130_fd_sc_hd__o21ai_1)
     1    0.01    0.16    0.17    3.46 v _16084_/Y (sky130_fd_sc_hd__o21ai_1)
                                         _12061_ (net)
                  0.16    0.00    3.46 v _16085_/C1 (sky130_fd_sc_hd__o311a_1)
     1    0.01    0.15    0.31    3.76 v _16085_/X (sky130_fd_sc_hd__o311a_1)
                                         _12062_ (net)
                  0.15    0.00    3.76 v _16086_/B2 (sky130_fd_sc_hd__o22ai_2)
     1    0.02    0.39    0.36    4.12 ^ _16086_/Y (sky130_fd_sc_hd__o22ai_2)
                                         _12063_ (net)
                  0.39    0.00    4.12 ^ _16087_/B1 (sky130_fd_sc_hd__o21ai_1)
     1    0.00    0.13    0.25    4.37 v _16087_/Y (sky130_fd_sc_hd__o21ai_1)
                                         _12064_ (net)
                  0.13    0.00    4.37 v _16090_/B1 (sky130_fd_sc_hd__a22oi_1)
     1    0.01    0.37    0.37    4.74 ^ _16090_/Y (sky130_fd_sc_hd__a22oi_1)
                                         _12067_ (net)
                  0.37    0.00    4.74 ^ _16092_/A2 (sky130_fd_sc_hd__o21ai_1)
     1    0.01    0.28    0.37    5.11 v _16092_/Y (sky130_fd_sc_hd__o21ai_1)
                                         _12069_ (net)
                  0.28    0.00    5.11 v _16094_/A (sky130_fd_sc_hd__nand2_1)
     1    0.01    0.20    0.29    5.41 ^ _16094_/Y (sky130_fd_sc_hd__nand2_1)
                                         _12071_ (net)
                  0.20    0.00    5.41 ^ _16095_/B2 (sky130_fd_sc_hd__a2bb2o_2)
     1    0.03    0.25    0.52    5.93 ^ _16095_/X (sky130_fd_sc_hd__a2bb2o_2)
                                         _12072_ (net)
                  0.25    0.00    5.93 ^ _16096_/B (sky130_fd_sc_hd__nand2_1)
     1    0.01    0.20    0.27    6.21 v _16096_/Y (sky130_fd_sc_hd__nand2_1)
                                         _12073_ (net)
                  0.20    0.00    6.21 v _16099_/B1 (sky130_fd_sc_hd__a22o_1)
     2    0.03    0.27    0.60    6.80 v _16099_/X (sky130_fd_sc_hd__a22o_1)
                                         _12076_ (net)
                  0.27    0.00    6.81 v _16101_/B1 (sky130_fd_sc_hd__a22o_1)
     1    0.01    0.12    0.48    7.29 v _16101_/X (sky130_fd_sc_hd__a22o_1)
                                         _12078_ (net)
                  0.12    0.00    7.29 v _16102_/A0 (sky130_fd_sc_hd__mux2_1)
     1    0.01    0.21    0.82    8.11 v _16102_/X (sky130_fd_sc_hd__mux2_1)
                                         _12079_ (net)
                  0.21    0.00    8.11 v _16103_/A0 (sky130_fd_sc_hd__mux2_1)
     1    0.01    0.15    0.77    8.89 v _16103_/X (sky130_fd_sc_hd__mux2_1)
                                         _12080_ (net)
                  0.15    0.00    8.89 v _16104_/B1 (sky130_fd_sc_hd__a41o_1)
     1    0.01    0.15    0.49    9.38 v _16104_/X (sky130_fd_sc_hd__a41o_1)
                                         _12081_ (net)
                  0.15    0.00    9.38 v _16106_/B1 (sky130_fd_sc_hd__a221o_1)
     1    0.02    0.22    0.76   10.14 v _16106_/X (sky130_fd_sc_hd__a221o_1)
                                         _12083_ (net)
                  0.22    0.00   10.14 v _16108_/B1 (sky130_fd_sc_hd__a221oi_2)
     1    0.02    0.71    0.80   10.94 ^ _16108_/Y (sky130_fd_sc_hd__a221oi_2)
                                         _12085_ (net)
                  0.71    0.00   10.94 ^ _16110_/A2 (sky130_fd_sc_hd__o21ai_2)
     1    0.02    0.21    0.40   11.34 v _16110_/Y (sky130_fd_sc_hd__o21ai_2)
                                         _12087_ (net)
                  0.21    0.00   11.34 v _16113_/A2 (sky130_fd_sc_hd__a31o_1)
     1    0.02    0.24    0.62   11.96 v _16113_/X (sky130_fd_sc_hd__a31o_1)
                                         _12090_ (net)
                  0.24    0.00   11.96 v _16116_/A2 (sky130_fd_sc_hd__a31o_1)
     1    0.01    0.15    0.56   12.52 v _16116_/X (sky130_fd_sc_hd__a31o_1)
                                         _12093_ (net)
                  0.15    0.00   12.52 v _16117_/C1 (sky130_fd_sc_hd__o221a_1)
     1    0.01    0.16    0.34   12.86 v _16117_/X (sky130_fd_sc_hd__o221a_1)
                                         _12094_ (net)
                  0.16    0.00   12.86 v _16118_/B2 (sky130_fd_sc_hd__o221a_1)
     1    0.02    0.20    0.59   13.45 v _16118_/X (sky130_fd_sc_hd__o221a_1)
                                         _00408_ (net)
                  0.20    0.00   13.46 v _27379_/D (sky130_fd_sc_hd__dfxtp_2)
                                 13.46   data arrival time

                  0.15    8.00    8.00   clock clock (rise edge)
                          0.00    8.00   clock network delay (ideal)
                         -0.25    7.75   clock uncertainty
                          0.00    7.75   clock reconvergence pessimism
                                  7.75 ^ _27379_/CLK (sky130_fd_sc_hd__dfxtp_2)
                         -0.31    7.44   library setup time
                                  7.44   data required time
-----------------------------------------------------------------------------
                                  7.44   data required time
                                -13.46   data arrival time
-----------------------------------------------------------------------------
                                 -6.01   slack (VIOLATED)



======================= Typical Corner ===================================

No paths found.


===========================================================================
 report_check_types -max_slew -max_cap -max_fanout -violators
============================================================================
======================= Fastest Corner ===================================

max fanout

Pin                                   Limit Fanout  Slack
---------------------------------------------------------
_15040_/X                                10     40    -30 (VIOLATED)
_13793_/X                                10     29    -19 (VIOLATED)
_22505_/X                                10     25    -15 (VIOLATED)
_14563_/X                                10     23    -13 (VIOLATED)
_14900_/X                                10     19     -9 (VIOLATED)
_16539_/X                                10     19     -9 (VIOLATED)
_27418_/Q                                10     18     -8 (VIOLATED)
_13662_/X                                10     16     -6 (VIOLATED)
_14551_/X                                10     16     -6 (VIOLATED)
_14619_/X                                10     16     -6 (VIOLATED)
_25394_/X                                10     16     -6 (VIOLATED)
_16547_/X                                10     15     -5 (VIOLATED)
_16725_/X                                10     15     -5 (VIOLATED)
_25379_/X                                10     15     -5 (VIOLATED)
_13591_/X                                10     14     -4 (VIOLATED)
_13971_/X                                10     14     -4 (VIOLATED)
_14545_/X                                10     14     -4 (VIOLATED)
_14617_/X                                10     14     -4 (VIOLATED)
_18245_/X                                10     14     -4 (VIOLATED)
_14555_/X                                10     13     -3 (VIOLATED)
_14752_/X                                10     13     -3 (VIOLATED)
_15000_/X                                10     13     -3 (VIOLATED)
_15061_/X                                10     13     -3 (VIOLATED)
_15352_/X                                10     13     -3 (VIOLATED)
_16567_/X                                10     13     -3 (VIOLATED)
_14595_/X                                10     12     -2 (VIOLATED)
_14612_/X                                10     12     -2 (VIOLATED)
_14969_/X                                10     12     -2 (VIOLATED)
_15017_/X                                10     12     -2 (VIOLATED)
_15039_/X                                10     12     -2 (VIOLATED)
_15057_/X                                10     12     -2 (VIOLATED)
_15088_/X                                10     12     -2 (VIOLATED)
_15146_/Y                                10     12     -2 (VIOLATED)
_15152_/X                                10     12     -2 (VIOLATED)
_15170_/X                                10     12     -2 (VIOLATED)
_15220_/X                                10     12     -2 (VIOLATED)
_15322_/X                                10     12     -2 (VIOLATED)
_16526_/X                                10     12     -2 (VIOLATED)
_20775_/X                                10     12     -2 (VIOLATED)
_22096_/X                                10     12     -2 (VIOLATED)
_25391_/X                                10     12     -2 (VIOLATED)
_25418_/X                                10     12     -2 (VIOLATED)
_25707_/X                                10     12     -2 (VIOLATED)
_13589_/X                                10     11        (VIOLATED)
_13897_/X                                10     11        (VIOLATED)
_14511_/X                                10     11        (VIOLATED)
_14552_/X                                10     11        (VIOLATED)
_14561_/X                                10     11        (VIOLATED)
_14567_/X                                10     11        (VIOLATED)
_14588_/X                                10     11        (VIOLATED)
_14590_/X                                10     11        (VIOLATED)
_14614_/X                                10     11        (VIOLATED)
_14728_/X                                10     11        (VIOLATED)
_14730_/X                                10     11        (VIOLATED)
_14998_/X                                10     11        (VIOLATED)
_15065_/X                                10     11        (VIOLATED)
_15095_/X                                10     11        (VIOLATED)
_15103_/X                                10     11        (VIOLATED)
_15195_/X                                10     11        (VIOLATED)
_15218_/X                                10     11        (VIOLATED)
_16577_/X                                10     11        (VIOLATED)
_16586_/X                                10     11        (VIOLATED)
_16588_/X                                10     11        (VIOLATED)
_16594_/X                                10     11        (VIOLATED)
_16671_/X                                10     11        (VIOLATED)
_16685_/X                                10     11        (VIOLATED)
_16921_/X                                10     11        (VIOLATED)
_18340_/X                                10     11        (VIOLATED)
_18429_/X                                10     11        (VIOLATED)
_19296_/X                                10     11        (VIOLATED)
_21725_/X                                10     11        (VIOLATED)
_22135_/X                                10     11        (VIOLATED)
_25400_/X                                10     11        (VIOLATED)
_25403_/X                                10     11        (VIOLATED)
_25407_/X                                10     11        (VIOLATED)
_25436_/X                                10     11        (VIOLATED)
_26161_/X                                10     11        (VIOLATED)
_27593_/Q                                10     11        (VIOLATED)
_27604_/Q                                10     11        (VIOLATED)
_28391_/Q                                10     11        (VIOLATED)


max slew violations count Fastest: 0
max fanout violations count Fastest: 80
max cap violations count Fastest: 0
======================= Slowest Corner ===================================

max slew

Pin                                    Limit    Slew   Slack
------------------------------------------------------------
_19624_/A1                              0.75    1.51   -0.76 (VIOLATED)
_19612_/Y                               0.75    1.51   -0.76 (VIOLATED)
_17366_/A2_N                            0.75    1.43   -0.68 (VIOLATED)
_17365_/Y                               0.75    1.43   -0.68 (VIOLATED)
_25433_/A                               0.75    1.22   -0.47 (VIOLATED)
INSDIODE1_62/DIODE                      0.75    1.22   -0.47 (VIOLATED)
INSDIODE1_61/DIODE                      0.75    1.22   -0.47 (VIOLATED)
_18521_/B1                              0.75    1.22   -0.47 (VIOLATED)
_18524_/C_N                             0.75    1.22   -0.47 (VIOLATED)
max_cap195/A                            0.75    1.22   -0.47 (VIOLATED)
_13783_/Y                               0.75    1.22   -0.47 (VIOLATED)
_17681_/A2                              0.75    1.00   -0.25 (VIOLATED)
_17679_/Y                               0.75    1.00   -0.25 (VIOLATED)
_25449_/A                               0.75    0.98   -0.23 (VIOLATED)
_25754_/B                               0.75    0.98   -0.23 (VIOLATED)
_26388_/C                               0.75    0.98   -0.23 (VIOLATED)
INSDIODE1_43/DIODE                      0.75    0.98   -0.23 (VIOLATED)
_26055_/C                               0.75    0.98   -0.23 (VIOLATED)
_26691_/A                               0.75    0.98   -0.23 (VIOLATED)
INSDIODE1_44/DIODE                      0.75    0.98   -0.23 (VIOLATED)
_13571_/B                               0.75    0.98   -0.23 (VIOLATED)
_14352_/C                               0.75    0.98   -0.23 (VIOLATED)
_14048_/C                               0.75    0.98   -0.23 (VIOLATED)
_13567_/Y                               0.75    0.98   -0.23 (VIOLATED)
_26973_/A                               0.75    0.98   -0.23 (VIOLATED)
INSDIODE1_60/DIODE                      0.75    0.98   -0.23 (VIOLATED)
_13760_/A                               0.75    0.98   -0.23 (VIOLATED)
ANTENNA_39/DIODE                        0.75    0.98   -0.23 (VIOLATED)
_18581_/C                               0.75    0.98   -0.23 (VIOLATED)
max_cap200/A                            0.75    0.98   -0.23 (VIOLATED)
_13759_/Y                               0.75    0.98   -0.23 (VIOLATED)
_18972_/A0                              0.75    0.98   -0.23 (VIOLATED)
_19247_/A0                              0.75    0.98   -0.23 (VIOLATED)
_18960_/Y                               0.75    0.98   -0.23 (VIOLATED)
_18215_/Y                               0.75    0.96   -0.21 (VIOLATED)
_27481_/D                               0.75    0.96   -0.21 (VIOLATED)
_22931_/C1                              0.75    0.95   -0.20 (VIOLATED)
_22930_/Y                               0.75    0.95   -0.20 (VIOLATED)
_19764_/B1                              0.75    0.95   -0.20 (VIOLATED)
_19758_/Y                               0.75    0.95   -0.20 (VIOLATED)
_19840_/A2                              0.75    0.94   -0.19 (VIOLATED)
_19838_/Y                               0.75    0.94   -0.19 (VIOLATED)
_26184_/A                               0.75    0.93   -0.18 (VIOLATED)
_13715_/A                               0.75    0.93   -0.18 (VIOLATED)
_25397_/A                               0.75    0.93   -0.18 (VIOLATED)
hold359/A                               0.75    0.93   -0.18 (VIOLATED)
_18633_/A1                              0.75    0.93   -0.18 (VIOLATED)
_13714_/Y                               0.75    0.93   -0.18 (VIOLATED)
_19191_/A2                              0.75    0.92   -0.17 (VIOLATED)
_18931_/A2                              0.75    0.92   -0.17 (VIOLATED)
_18957_/A2                              0.75    0.92   -0.17 (VIOLATED)
_18966_/A2                              0.75    0.92   -0.17 (VIOLATED)
_18987_/A2                              0.75    0.92   -0.17 (VIOLATED)
_18689_/A2                              0.75    0.92   -0.17 (VIOLATED)
_19028_/A2                              0.75    0.92   -0.17 (VIOLATED)
_19010_/B1                              0.75    0.92   -0.17 (VIOLATED)
_18686_/Y                               0.75    0.92   -0.17 (VIOLATED)
_19714_/A1                              0.75    0.92   -0.17 (VIOLATED)
ANTENNA_116/DIODE                       0.75    0.92   -0.17 (VIOLATED)
_19704_/X                               0.75    0.92   -0.17 (VIOLATED)
_17015_/C1                              0.75    0.91   -0.16 (VIOLATED)
_17014_/Y                               0.75    0.91   -0.16 (VIOLATED)
_16874_/A                               0.75    0.91   -0.16 (VIOLATED)
max_cap209/A                            0.75    0.91   -0.16 (VIOLATED)
_16673_/Y                               0.75    0.91   -0.16 (VIOLATED)
_23076_/C                               0.75    0.91   -0.16 (VIOLATED)
_23075_/Y                               0.75    0.91   -0.16 (VIOLATED)
_16247_/A2                              0.75    0.91   -0.16 (VIOLATED)
_16283_/A1                              0.75    0.91   -0.16 (VIOLATED)
_15279_/B                               0.75    0.91   -0.16 (VIOLATED)
ANTENNA_78/DIODE                        0.75    0.91   -0.16 (VIOLATED)
_15188_/C                               0.75    0.91   -0.16 (VIOLATED)
ANTENNA_154/DIODE                       0.75    0.91   -0.16 (VIOLATED)
_15555_/B                               0.75    0.90   -0.15 (VIOLATED)
_15281_/C                               0.75    0.90   -0.15 (VIOLATED)
_15167_/C                               0.75    0.90   -0.15 (VIOLATED)
ANTENNA_77/DIODE                        0.75    0.90   -0.15 (VIOLATED)
_15147_/C                               0.75    0.90   -0.15 (VIOLATED)
_16275_/B1                              0.75    0.90   -0.15 (VIOLATED)
_15146_/Y                               0.75    0.90   -0.15 (VIOLATED)
_16060_/B2                              0.75    0.89   -0.14 (VIOLATED)
_16059_/Y                               0.75    0.89   -0.14 (VIOLATED)
_19314_/A2                              0.75    0.88   -0.13 (VIOLATED)
_19315_/A2                              0.75    0.88   -0.13 (VIOLATED)
_19174_/B                               0.75    0.88   -0.13 (VIOLATED)
_19005_/B                               0.75    0.88   -0.13 (VIOLATED)
_19300_/A2                              0.75    0.88   -0.13 (VIOLATED)
_19201_/A2                              0.75    0.88   -0.13 (VIOLATED)
_18983_/A                               0.75    0.88   -0.13 (VIOLATED)
_18969_/B1                              0.75    0.88   -0.13 (VIOLATED)
_18721_/B1                              0.75    0.88   -0.13 (VIOLATED)
_18720_/Y                               0.75    0.88   -0.13 (VIOLATED)
_26224_/A                               0.75    0.87   -0.12 (VIOLATED)
INSDIODE1_63/DIODE                      0.75    0.87   -0.12 (VIOLATED)
_26983_/A                               0.75    0.87   -0.12 (VIOLATED)
INSDIODE1_64/DIODE                      0.75    0.87   -0.12 (VIOLATED)
_13791_/A                               0.75    0.87   -0.12 (VIOLATED)
max_cap191/A                            0.75    0.87   -0.12 (VIOLATED)
_13790_/Y                               0.75    0.87   -0.12 (VIOLATED)
_18555_/B                               0.75    0.86   -0.11 (VIOLATED)
_19925_/A2                              0.75    0.86   -0.11 (VIOLATED)
_19927_/B                               0.75    0.86   -0.11 (VIOLATED)
_18940_/A3                              0.75    0.86   -0.11 (VIOLATED)
_18468_/C                               0.75    0.86   -0.11 (VIOLATED)
_18467_/Y                               0.75    0.86   -0.11 (VIOLATED)
_19068_/Y                               0.75    0.85   -0.10 (VIOLATED)
wire187/A                               0.75    0.85   -0.10 (VIOLATED)
_19636_/Y                               0.75    0.85   -0.10 (VIOLATED)
_19637_/A2_N                            0.75    0.85   -0.10 (VIOLATED)
_17514_/B1                              0.75    0.84   -0.09 (VIOLATED)
_17512_/Y                               0.75    0.84   -0.09 (VIOLATED)
_18835_/A2                              0.75    0.84   -0.09 (VIOLATED)
_21039_/A                               0.75    0.84   -0.09 (VIOLATED)
INSDIODE1_178/DIODE                     0.75    0.84   -0.09 (VIOLATED)
_27667_/Q                               0.75    0.84   -0.09 (VIOLATED)
_19252_/A1                              0.75    0.83   -0.08 (VIOLATED)
_19165_/A                               0.75    0.83   -0.08 (VIOLATED)
_19260_/A2                              0.75    0.83   -0.08 (VIOLATED)
_19076_/A1                              0.75    0.83   -0.08 (VIOLATED)
_19133_/A2                              0.75    0.83   -0.08 (VIOLATED)
_18677_/A                               0.75    0.83   -0.08 (VIOLATED)
_18709_/C1                              0.75    0.83   -0.08 (VIOLATED)
_18672_/Y                               0.75    0.83   -0.08 (VIOLATED)
_18918_/B1                              0.75    0.82   -0.07 (VIOLATED)
max_cap188/A                            0.75    0.82   -0.07 (VIOLATED)
_18522_/Y                               0.75    0.82   -0.07 (VIOLATED)
_16282_/B1                              0.75    0.81   -0.06 (VIOLATED)
_16280_/X                               0.75    0.81   -0.06 (VIOLATED)
_21043_/A                               0.75    0.81   -0.06 (VIOLATED)
_18847_/A2                              0.75    0.81   -0.06 (VIOLATED)
_27669_/Q                               0.75    0.81   -0.06 (VIOLATED)
_20702_/B1                              0.75    0.81   -0.06 (VIOLATED)
hold697/A                               0.75    0.81   -0.06 (VIOLATED)
_20521_/Y                               0.75    0.81   -0.06 (VIOLATED)
_18513_/C1                              0.75    0.80   -0.05 (VIOLATED)
_19796_/C1                              0.75    0.80   -0.05 (VIOLATED)
_18512_/C1                              0.75    0.80   -0.05 (VIOLATED)
_18507_/Y                               0.75    0.80   -0.05 (VIOLATED)
_18482_/C1                              0.75    0.80   -0.05 (VIOLATED)
_19068_/C1                              0.75    0.80   -0.05 (VIOLATED)
_18481_/Y                               0.75    0.80   -0.05 (VIOLATED)
_18496_/C1                              0.75    0.79   -0.04 (VIOLATED)
_19849_/C1                              0.75    0.79   -0.04 (VIOLATED)
_18495_/Y                               0.75    0.79   -0.04 (VIOLATED)
_19711_/A3                              0.75    0.79   -0.04 (VIOLATED)
INSDIODE1_264/DIODE                     0.75    0.79   -0.04 (VIOLATED)
_19718_/B                               0.75    0.79   -0.04 (VIOLATED)
_19742_/A1                              0.75    0.79   -0.04 (VIOLATED)
_19705_/X                               0.75    0.79   -0.04 (VIOLATED)
_18597_/A1                              0.75    0.79   -0.04 (VIOLATED)
_21061_/A                               0.75    0.79   -0.04 (VIOLATED)
_27677_/Q                               0.75    0.79   -0.04 (VIOLATED)
_19695_/A2                              0.75    0.79   -0.04 (VIOLATED)
_19681_/A2                              0.75    0.79   -0.04 (VIOLATED)
_19680_/A1                              0.75    0.79   -0.04 (VIOLATED)
_18658_/B1                              0.75    0.79   -0.04 (VIOLATED)
max_cap190/A                            0.75    0.79   -0.04 (VIOLATED)
_18657_/Y                               0.75    0.79   -0.04 (VIOLATED)
_26952_/A                               0.75    0.78   -0.03 (VIOLATED)
_13702_/A                               0.75    0.78   -0.03 (VIOLATED)
_26178_/A                               0.75    0.78   -0.03 (VIOLATED)
_25391_/A                               0.75    0.78   -0.03 (VIOLATED)
_13701_/Y                               0.75    0.78   -0.03 (VIOLATED)
_20919_/C                               0.75    0.77   -0.02 (VIOLATED)
input44/X                               0.75    0.77   -0.02 (VIOLATED)
output103/A                             0.75    0.77   -0.02 (VIOLATED)
ANTENNA_148/DIODE                       0.75    0.77   -0.02 (VIOLATED)
_20833_/A                               0.75    0.77   -0.02 (VIOLATED)
ANTENNA_147/DIODE                       0.75    0.77   -0.02 (VIOLATED)
_18811_/B2                              0.75    0.77   -0.02 (VIOLATED)
_27531_/Q                               0.75    0.77   -0.02 (VIOLATED)
_26166_/A                               0.75    0.77   -0.02 (VIOLATED)
_26944_/A                               0.75    0.77   -0.02 (VIOLATED)
_13676_/A                               0.75    0.77   -0.02 (VIOLATED)
_25379_/A                               0.75    0.77   -0.02 (VIOLATED)
_13675_/Y                               0.75    0.77   -0.02 (VIOLATED)
_18672_/A1                              0.75    0.77   -0.02 (VIOLATED)
_18728_/A1                              0.75    0.77   -0.02 (VIOLATED)
_19168_/A1                              0.75    0.77   -0.02 (VIOLATED)
_18674_/B1                              0.75    0.77   -0.02 (VIOLATED)
max_cap210/A                            0.75    0.77   -0.02 (VIOLATED)
_13612_/Y                               0.75    0.77   -0.02 (VIOLATED)
_18503_/B                               0.75    0.77   -0.02 (VIOLATED)
_18502_/B                               0.75    0.77   -0.02 (VIOLATED)
_18921_/A2                              0.75    0.77   -0.02 (VIOLATED)
_18922_/B2                              0.75    0.77   -0.02 (VIOLATED)
_19849_/D1                              0.75    0.77   -0.02 (VIOLATED)
_18501_/Y                               0.75    0.77   -0.02 (VIOLATED)
_18858_/A2                              0.75    0.76   -0.01 (VIOLATED)
_21041_/A                               0.75    0.76   -0.01 (VIOLATED)
_27668_/Q                               0.75    0.76   -0.01 (VIOLATED)
INSDIODE1_312/DIODE                     0.75    0.76   -0.01 (VIOLATED)
INSDIODE1_310/DIODE                     0.75    0.76   -0.01 (VIOLATED)
INSDIODE1_309/DIODE                     0.75    0.76   -0.01 (VIOLATED)
INSDIODE1_311/DIODE                     0.75    0.76   -0.01 (VIOLATED)
INSDIODE1_304/DIODE                     0.75    0.76   -0.01 (VIOLATED)
INSDIODE1_302/DIODE                     0.75    0.76   -0.01 (VIOLATED)
INSDIODE1_300/DIODE                     0.75    0.76   -0.01 (VIOLATED)
_18521_/A1_N                            0.75    0.76   -0.01 (VIOLATED)
INSDIODE1_299/DIODE                     0.75    0.76   -0.01 (VIOLATED)
INSDIODE1_170/DIODE                     0.75    0.76   -0.01 (VIOLATED)
INSDIODE1_301/DIODE                     0.75    0.76   -0.01 (VIOLATED)
INSDIODE1_303/DIODE                     0.75    0.76   -0.01 (VIOLATED)
INSDIODE1_305/DIODE                     0.75    0.76   -0.01 (VIOLATED)
INSDIODE1_306/DIODE                     0.75    0.76   -0.01 (VIOLATED)
INSDIODE1_307/DIODE                     0.75    0.76   -0.01 (VIOLATED)
INSDIODE1_308/DIODE                     0.75    0.76   -0.01 (VIOLATED)
_20740_/A2                              0.75    0.76   -0.01 (VIOLATED)
_20741_/A3                              0.75    0.76   -0.01 (VIOLATED)
_27418_/Q                               0.75    0.76   -0.01 (VIOLATED)
_21588_/D                               0.75    0.76   -0.01 (VIOLATED)
_21590_/D                               0.75    0.76   -0.01 (VIOLATED)
_21815_/A                               0.75    0.76   -0.01 (VIOLATED)
_21830_/B1                              0.75    0.76   -0.01 (VIOLATED)
_21827_/B1                              0.75    0.76   -0.01 (VIOLATED)
_21818_/B1                              0.75    0.76   -0.01 (VIOLATED)
_21824_/B1                              0.75    0.76   -0.01 (VIOLATED)
_21821_/B1                              0.75    0.76   -0.01 (VIOLATED)
_21587_/Y                               0.75    0.76   -0.01 (VIOLATED)
_15095_/A                               0.75    0.75   -0.00 (VIOLATED)
_15294_/B                               0.75    0.75   -0.00 (VIOLATED)
_15292_/A                               0.75    0.75   -0.00 (VIOLATED)
_15141_/A                               0.75    0.75   -0.00 (VIOLATED)
_16275_/C1                              0.75    0.75   -0.00 (VIOLATED)
_15171_/B                               0.75    0.75   -0.00 (VIOLATED)
_15147_/A                               0.75    0.75   -0.00 (VIOLATED)
_15311_/C                               0.75    0.75   -0.00 (VIOLATED)
_15094_/Y                               0.75    0.75   -0.00 (VIOLATED)

max fanout

Pin                                   Limit Fanout  Slack
---------------------------------------------------------
_15040_/X                                10     40    -30 (VIOLATED)
_13793_/X                                10     29    -19 (VIOLATED)
_22505_/X                                10     25    -15 (VIOLATED)
_14563_/X                                10     23    -13 (VIOLATED)
_14900_/X                                10     19     -9 (VIOLATED)
_16539_/X                                10     19     -9 (VIOLATED)
_27418_/Q                                10     18     -8 (VIOLATED)
_13662_/X                                10     16     -6 (VIOLATED)
_14551_/X                                10     16     -6 (VIOLATED)
_14619_/X                                10     16     -6 (VIOLATED)
_25394_/X                                10     16     -6 (VIOLATED)
_16547_/X                                10     15     -5 (VIOLATED)
_16725_/X                                10     15     -5 (VIOLATED)
_25379_/X                                10     15     -5 (VIOLATED)
_13591_/X                                10     14     -4 (VIOLATED)
_13971_/X                                10     14     -4 (VIOLATED)
_14545_/X                                10     14     -4 (VIOLATED)
_14617_/X                                10     14     -4 (VIOLATED)
_18245_/X                                10     14     -4 (VIOLATED)
_14555_/X                                10     13     -3 (VIOLATED)
_14752_/X                                10     13     -3 (VIOLATED)
_15000_/X                                10     13     -3 (VIOLATED)
_15061_/X                                10     13     -3 (VIOLATED)
_15352_/X                                10     13     -3 (VIOLATED)
_16567_/X                                10     13     -3 (VIOLATED)
_14595_/X                                10     12     -2 (VIOLATED)
_14612_/X                                10     12     -2 (VIOLATED)
_14969_/X                                10     12     -2 (VIOLATED)
_15017_/X                                10     12     -2 (VIOLATED)
_15039_/X                                10     12     -2 (VIOLATED)
_15057_/X                                10     12     -2 (VIOLATED)
_15088_/X                                10     12     -2 (VIOLATED)
_15146_/Y                                10     12     -2 (VIOLATED)
_15152_/X                                10     12     -2 (VIOLATED)
_15170_/X                                10     12     -2 (VIOLATED)
_15220_/X                                10     12     -2 (VIOLATED)
_15322_/X                                10     12     -2 (VIOLATED)
_16526_/X                                10     12     -2 (VIOLATED)
_20775_/X                                10     12     -2 (VIOLATED)
_22096_/X                                10     12     -2 (VIOLATED)
_25391_/X                                10     12     -2 (VIOLATED)
_25418_/X                                10     12     -2 (VIOLATED)
_25707_/X                                10     12     -2 (VIOLATED)
_13589_/X                                10     11        (VIOLATED)
_13897_/X                                10     11        (VIOLATED)
_14511_/X                                10     11        (VIOLATED)
_14552_/X                                10     11        (VIOLATED)
_14561_/X                                10     11        (VIOLATED)
_14567_/X                                10     11        (VIOLATED)
_14588_/X                                10     11        (VIOLATED)
_14590_/X                                10     11        (VIOLATED)
_14614_/X                                10     11        (VIOLATED)
_14728_/X                                10     11        (VIOLATED)
_14730_/X                                10     11        (VIOLATED)
_14998_/X                                10     11        (VIOLATED)
_15065_/X                                10     11        (VIOLATED)
_15095_/X                                10     11        (VIOLATED)
_15103_/X                                10     11        (VIOLATED)
_15195_/X                                10     11        (VIOLATED)
_15218_/X                                10     11        (VIOLATED)
_16577_/X                                10     11        (VIOLATED)
_16586_/X                                10     11        (VIOLATED)
_16588_/X                                10     11        (VIOLATED)
_16594_/X                                10     11        (VIOLATED)
_16671_/X                                10     11        (VIOLATED)
_16685_/X                                10     11        (VIOLATED)
_16921_/X                                10     11        (VIOLATED)
_18340_/X                                10     11        (VIOLATED)
_18429_/X                                10     11        (VIOLATED)
_19296_/X                                10     11        (VIOLATED)
_21725_/X                                10     11        (VIOLATED)
_22135_/X                                10     11        (VIOLATED)
_25400_/X                                10     11        (VIOLATED)
_25403_/X                                10     11        (VIOLATED)
_25407_/X                                10     11        (VIOLATED)
_25436_/X                                10     11        (VIOLATED)
_26161_/X                                10     11        (VIOLATED)
_27593_/Q                                10     11        (VIOLATED)
_27604_/Q                                10     11        (VIOLATED)
_28391_/Q                                10     11        (VIOLATED)

max capacitance

Pin                                    Limit     Cap   Slack
------------------------------------------------------------
_19612_/Y                               0.05    0.05   -0.00 (VIOLATED)


max slew violations count Slowest: 228
max fanout violations count Slowest: 80
max cap violations count Slowest: 1
======================= Typical Corner ===================================

max slew

Pin                                    Limit    Slew   Slack
------------------------------------------------------------
_19624_/A1                              0.75    0.91   -0.16 (VIOLATED)
_19612_/Y                               0.75    0.91   -0.16 (VIOLATED)
_17366_/A2_N                            0.75    0.85   -0.10 (VIOLATED)
_17365_/Y                               0.75    0.85   -0.10 (VIOLATED)
_25433_/A                               0.75    0.76   -0.01 (VIOLATED)
INSDIODE1_62/DIODE                      0.75    0.76   -0.01 (VIOLATED)
INSDIODE1_61/DIODE                      0.75    0.76   -0.01 (VIOLATED)
_18521_/B1                              0.75    0.76   -0.01 (VIOLATED)
_18524_/C_N                             0.75    0.76   -0.01 (VIOLATED)
max_cap195/A                            0.75    0.76   -0.01 (VIOLATED)
_13783_/Y                               0.75    0.76   -0.01 (VIOLATED)

max fanout

Pin                                   Limit Fanout  Slack
---------------------------------------------------------
_15040_/X                                10     40    -30 (VIOLATED)
_13793_/X                                10     29    -19 (VIOLATED)
_22505_/X                                10     25    -15 (VIOLATED)
_14563_/X                                10     23    -13 (VIOLATED)
_14900_/X                                10     19     -9 (VIOLATED)
_16539_/X                                10     19     -9 (VIOLATED)
_27418_/Q                                10     18     -8 (VIOLATED)
_13662_/X                                10     16     -6 (VIOLATED)
_14551_/X                                10     16     -6 (VIOLATED)
_14619_/X                                10     16     -6 (VIOLATED)
_25394_/X                                10     16     -6 (VIOLATED)
_16547_/X                                10     15     -5 (VIOLATED)
_16725_/X                                10     15     -5 (VIOLATED)
_25379_/X                                10     15     -5 (VIOLATED)
_13591_/X                                10     14     -4 (VIOLATED)
_13971_/X                                10     14     -4 (VIOLATED)
_14545_/X                                10     14     -4 (VIOLATED)
_14617_/X                                10     14     -4 (VIOLATED)
_18245_/X                                10     14     -4 (VIOLATED)
_14555_/X                                10     13     -3 (VIOLATED)
_14752_/X                                10     13     -3 (VIOLATED)
_15000_/X                                10     13     -3 (VIOLATED)
_15061_/X                                10     13     -3 (VIOLATED)
_15352_/X                                10     13     -3 (VIOLATED)
_16567_/X                                10     13     -3 (VIOLATED)
_14595_/X                                10     12     -2 (VIOLATED)
_14612_/X                                10     12     -2 (VIOLATED)
_14969_/X                                10     12     -2 (VIOLATED)
_15017_/X                                10     12     -2 (VIOLATED)
_15039_/X                                10     12     -2 (VIOLATED)
_15057_/X                                10     12     -2 (VIOLATED)
_15088_/X                                10     12     -2 (VIOLATED)
_15146_/Y                                10     12     -2 (VIOLATED)
_15152_/X                                10     12     -2 (VIOLATED)
_15170_/X                                10     12     -2 (VIOLATED)
_15220_/X                                10     12     -2 (VIOLATED)
_15322_/X                                10     12     -2 (VIOLATED)
_16526_/X                                10     12     -2 (VIOLATED)
_20775_/X                                10     12     -2 (VIOLATED)
_22096_/X                                10     12     -2 (VIOLATED)
_25391_/X                                10     12     -2 (VIOLATED)
_25418_/X                                10     12     -2 (VIOLATED)
_25707_/X                                10     12     -2 (VIOLATED)
_13589_/X                                10     11        (VIOLATED)
_13897_/X                                10     11        (VIOLATED)
_14511_/X                                10     11        (VIOLATED)
_14552_/X                                10     11        (VIOLATED)
_14561_/X                                10     11        (VIOLATED)
_14567_/X                                10     11        (VIOLATED)
_14588_/X                                10     11        (VIOLATED)
_14590_/X                                10     11        (VIOLATED)
_14614_/X                                10     11        (VIOLATED)
_14728_/X                                10     11        (VIOLATED)
_14730_/X                                10     11        (VIOLATED)
_14998_/X                                10     11        (VIOLATED)
_15065_/X                                10     11        (VIOLATED)
_15095_/X                                10     11        (VIOLATED)
_15103_/X                                10     11        (VIOLATED)
_15195_/X                                10     11        (VIOLATED)
_15218_/X                                10     11        (VIOLATED)
_16577_/X                                10     11        (VIOLATED)
_16586_/X                                10     11        (VIOLATED)
_16588_/X                                10     11        (VIOLATED)
_16594_/X                                10     11        (VIOLATED)
_16671_/X                                10     11        (VIOLATED)
_16685_/X                                10     11        (VIOLATED)
_16921_/X                                10     11        (VIOLATED)
_18340_/X                                10     11        (VIOLATED)
_18429_/X                                10     11        (VIOLATED)
_19296_/X                                10     11        (VIOLATED)
_21725_/X                                10     11        (VIOLATED)
_22135_/X                                10     11        (VIOLATED)
_25400_/X                                10     11        (VIOLATED)
_25403_/X                                10     11        (VIOLATED)
_25407_/X                                10     11        (VIOLATED)
_25436_/X                                10     11        (VIOLATED)
_26161_/X                                10     11        (VIOLATED)
_27593_/Q                                10     11        (VIOLATED)
_27604_/Q                                10     11        (VIOLATED)
_28391_/Q                                10     11        (VIOLATED)


max slew violations count Typical: 11
max fanout violations count Typical: 80
max cap violations count Typical: 0

===========================================================================
report_parasitic_annotation -report_unannotated
============================================================================
Found 0 unannotated drivers.
Found 0 partially unannotated drivers.

===========================================================================
max slew violation count 228
max fanout violation count 80
max cap violation count 1
============================================================================

===========================================================================
check_setup -verbose -unconstrained_endpoints -multiple_clock -no_clock -no_input_delay -loops -generated_clocks
===========================================================================
