
===========================================================================
 report_power
============================================================================
======================= Fastest Corner ===================================

Group                  Internal  Switching    Leakage      Total
                          Power      Power      Power      Power (Watts)
----------------------------------------------------------------
Sequential             1.74e-02   1.91e-04   4.60e-08   1.76e-02  51.4%
Combinational          1.79e-03   3.21e-03   1.68e-07   5.00e-03  14.6%
Clock                  5.32e-03   6.27e-03   4.96e-08   1.16e-02  33.9%
Macro                  0.00e+00   0.00e+00   0.00e+00   0.00e+00   0.0%
Pad                    0.00e+00   0.00e+00   0.00e+00   0.00e+00   0.0%
----------------------------------------------------------------
Total                  2.45e-02   9.67e-03   2.64e-07   3.42e-02 100.0%
                          71.7%      28.3%       0.0%

======================= Slowest Corner ===================================

Group                  Internal  Switching    Leakage      Total
                          Power      Power      Power      Power (Watts)
----------------------------------------------------------------
Sequential             1.14e-02   1.27e-04   4.07e-05   1.15e-02  50.4%
Combinational          1.29e-03   2.12e-03   8.73e-05   3.50e-03  15.3%
Clock                  3.86e-03   4.01e-03   4.55e-06   7.87e-03  34.4%
Macro                  0.00e+00   0.00e+00   0.00e+00   0.00e+00   0.0%
Pad                    0.00e+00   0.00e+00   0.00e+00   0.00e+00   0.0%
----------------------------------------------------------------
Total                  1.65e-02   6.26e-03   1.33e-04   2.29e-02 100.0%
                          72.1%      27.3%       0.6%

======================= Typical Corner ===================================

Group                  Internal  Switching    Leakage      Total
                          Power      Power      Power      Power (Watts)
----------------------------------------------------------------
Sequential             1.48e-02   1.62e-04   2.40e-08   1.49e-02  51.2%
Combinational          1.61e-03   2.71e-03   8.39e-08   4.32e-03  14.8%
Clock                  4.69e-03   5.26e-03   3.91e-08   9.95e-03  34.1%
Macro                  0.00e+00   0.00e+00   0.00e+00   0.00e+00   0.0%
Pad                    0.00e+00   0.00e+00   0.00e+00   0.00e+00   0.0%
----------------------------------------------------------------
Total                  2.11e-02   8.13e-03   1.47e-07   2.92e-02 100.0%
                          72.2%      27.8%       0.0%

